[0000] compilando modulo 0 ... ok (20ms)
[0001] compilando modulo 1 ... ok (21ms)
[0002] compilando modulo 2 ... ok (22ms)
[0003] compilando modulo 3 ... ok (23ms)
[0004] compilando modulo 4 ... ok (24ms)
[0005] compilando modulo 5 ... ok (25ms)
[0006] compilando modulo 6 ... ok (26ms)
[0007] compilando modulo 7 ... ok (27ms)
[0008] compilando modulo 8 ... ok (28ms)
[0009] compilando modulo 9 ... ok (29ms)
[0010] compilando modulo 10 ... ok (30ms)
[0011] compilando modulo 11 ... ok (31ms)
[0012] compilando modulo 12 ... ok (32ms)
[0013] compilando modulo 13 ... ok (33ms)
[0014] compilando modulo 14 ... ok (34ms)
[0015] compilando modulo 15 ... ok (35ms)
[0016] compilando modulo 16 ... ok (36ms)
[0017] compilando modulo 17 ... ok (37ms)
[0018] compilando modulo 18 ... ok (38ms)
[0019] compilando modulo 19 ... ok (39ms)
[0020] compilando modulo 20 ... ok (40ms)
[0021] compilando modulo 21 ... ok (41ms)
[0022] compilando modulo 22 ... ok (42ms)
[0023] compilando modulo 23 ... ok (43ms)
[0024] compilando modulo 24 ... ok (44ms)
[0025] compilando modulo 25 ... ok (45ms)
[0026] compilando modulo 26 ... ok (46ms)
[0027] compilando modulo 27 ... ok (47ms)
[0028] compilando modulo 28 ... ok (48ms)
[0029] compilando modulo 29 ... ok (49ms)
[0030] compilando modulo 30 ... ok (50ms)
[0031] compilando modulo 31 ... ok (51ms)
[0032] compilando modulo 32 ... ok (52ms)
[0033] compilando modulo 33 ... ok (53ms)
[0034] compilando modulo 34 ... ok (54ms)
[0035] compilando modulo 35 ... ok (55ms)
[0036] compilando modulo 36 ... ok (56ms)
[0037] compilando modulo 37 ... ok (57ms)
[0038] compilando modulo 38 ... ok (58ms)
[0039] compilando modulo 39 ... ok (59ms)
[0040] compilando modulo 0 ... ok (60ms)
[0041] compilando modulo 1 ... ok (61ms)
[0042] compilando modulo 2 ... ok (62ms)
[0043] compilando modulo 3 ... ok (63ms)
[0044] compilando modulo 4 ... ok (64ms)
[0045] compilando modulo 5 ... ok (65ms)
[0046] compilando modulo 6 ... ok (66ms)
[0047] compilando modulo 7 ... ok (67ms)
[0048] compilando modulo 8 ... ok (68ms)
[0049] compilando modulo 9 ... ok (69ms)
[0050] compilando modulo 10 ... ok (70ms)
[0051] compilando modulo 11 ... ok (71ms)
[0052] compilando modulo 12 ... ok (72ms)
[0053] compilando modulo 13 ... ok (73ms)
[0054] compilando modulo 14 ... ok (74ms)
[0055] compilando modulo 15 ... ok (75ms)
[0056] compilando modulo 16 ... ok (76ms)
[0057] compilando modulo 17 ... ok (77ms)
[0058] compilando modulo 18 ... ok (78ms)
[0059] compilando modulo 19 ... ok (79ms)
[0060] compilando modulo 20 ... ok (80ms)
[0061] compilando modulo 21 ... ok (81ms)
[0062] compilando modulo 22 ... ok (82ms)
[0063] compilando modulo 23 ... ok (83ms)
[0064] compilando modulo 24 ... ok (84ms)
[0065] compilando modulo 25 ... ok (85ms)
[0066] compilando modulo 26 ... ok (86ms)
[0067] compilando modulo 27 ... ok (87ms)
[0068] compilando modulo 28 ... ok (88ms)
[0069] compilando modulo 29 ... ok (89ms)
[0070] compilando modulo 30 ... ok (90ms)
[0071] compilando modulo 31 ... ok (91ms)
[0072] compilando modulo 32 ... ok (92ms)
[0073] compilando modulo 33 ... ok (93ms)
[0074] compilando modulo 34 ... ok (94ms)
[0075] compilando modulo 35 ... ok (95ms)
[0076] compilando modulo 36 ... ok (96ms)
[0077] compilando modulo 37 ... ok (97ms)
[0078] compilando modulo 38 ... ok (98ms)
[0079] compilando modulo 39 ... ok (99ms)
[0080] compilando modulo 0 ... ok (100ms)
[0081] compilando modulo 1 ... ok (101ms)
[0082] compilando modulo 2 ... ok (102ms)
[0083] compilando modulo 3 ... ok (103ms)
[0084] compilando modulo 4 ... ok (104ms)
[0085] compilando modulo 5 ... ok (105ms)
[0086] compilando modulo 6 ... ok (106ms)
[0087] compilando modulo 7 ... ok (107ms)
[0088] compilando modulo 8 ... ok (108ms)
[0089] compilando modulo 9 ... ok (109ms)
[0090] compilando modulo 10 ... ok (110ms)
[0091] compilando modulo 11 ... ok (111ms)
[0092] compilando modulo 12 ... ok (112ms)
[0093] compilando modulo 13 ... ok (113ms)
[0094] compilando modulo 14 ... ok (114ms)
[0095] compilando modulo 15 ... ok (115ms)
[0096] compilando modulo 16 ... ok (116ms)
[0097] compilando modulo 17 ... ok (117ms)
[0098] compilando modulo 18 ... ok (118ms)
[0099] compilando modulo 19 ... ok (119ms)
[0100] compilando modulo 20 ... ok (120ms)
[0101] compilando modulo 21 ... ok (121ms)
[0102] compilando modulo 22 ... ok (122ms)
[0103] compilando modulo 23 ... ok (123ms)
[0104] compilando modulo 24 ... ok (124ms)
[0105] compilando modulo 25 ... ok (125ms)
[0106] compilando modulo 26 ... ok (126ms)
[0107] compilando modulo 27 ... ok (127ms)
[0108] compilando modulo 28 ... ok (128ms)
[0109] compilando modulo 29 ... ok (129ms)
[0110] compilando modulo 30 ... ok (130ms)
[0111] compilando modulo 31 ... ok (131ms)
[0112] compilando modulo 32 ... ok (132ms)
[0113] compilando modulo 33 ... ok (133ms)
[0114] compilando modulo 34 ... ok (134ms)
[0115] compilando modulo 35 ... ok (135ms)
[0116] compilando modulo 36 ... ok (136ms)
[0117] compilando modulo 37 ... ok (137ms)
[0118] compilando modulo 38 ... ok (138ms)
[0119] compilando modulo 39 ... ok (139ms)
[0120] compilando modulo 0 ... ok (140ms)
[0121] compilando modulo 1 ... ok (141ms)
[0122] compilando modulo 2 ... ok (142ms)
[0123] compilando modulo 3 ... ok (143ms)
[0124] compilando modulo 4 ... ok (144ms)
[0125] compilando modulo 5 ... ok (145ms)
[0126] compilando modulo 6 ... ok (146ms)
[0127] compilando modulo 7 ... ok (147ms)
[0128] compilando modulo 8 ... ok (148ms)
[0129] compilando modulo 9 ... ok (149ms)
[0130] compilando modulo 10 ... ok (150ms)
[0131] compilando modulo 11 ... ok (151ms)
[0132] compilando modulo 12 ... ok (152ms)
[0133] compilando modulo 13 ... ok (153ms)
[0134] compilando modulo 14 ... ok (154ms)
[0135] compilando modulo 15 ... ok (155ms)
[0136] compilando modulo 16 ... ok (156ms)
[0137] compilando modulo 17 ... ok (157ms)
[0138] compilando modulo 18 ... ok (158ms)
[0139] compilando modulo 19 ... ok (159ms)
[0140] compilando modulo 20 ... ok (160ms)
[0141] compilando modulo 21 ... ok (161ms)
[0142] compilando modulo 22 ... ok (162ms)
[0143] compilando modulo 23 ... ok (163ms)
[0144] compilando modulo 24 ... ok (164ms)
[0145] compilando modulo 25 ... ok (165ms)
[0146] compilando modulo 26 ... ok (166ms)
[0147] compilando modulo 27 ... ok (167ms)
[0148] compilando modulo 28 ... ok (168ms)
[0149] compilando modulo 29 ... ok (169ms)
[0150] compilando modulo 30 ... ok (170ms)
[0151] compilando modulo 31 ... ok (171ms)
[0152] compilando modulo 32 ... ok (172ms)
[0153] compilando modulo 33 ... ok (173ms)
[0154] compilando modulo 34 ... ok (174ms)
[0155] compilando modulo 35 ... ok (175ms)
[0156] compilando modulo 36 ... ok (176ms)
[0157] compilando modulo 37 ... ok (177ms)
[0158] compilando modulo 38 ... ok (178ms)
[0159] compilando modulo 39 ... ok (179ms)
[0160] compilando modulo 0 ... ok (180ms)
[0161] compilando modulo 1 ... ok (181ms)
[0162] compilando modulo 2 ... ok (182ms)
[0163] compilando modulo 3 ... ok (183ms)
[0164] compilando modulo 4 ... ok (184ms)
[0165] compilando modulo 5 ... ok (185ms)
[0166] compilando modulo 6 ... ok (186ms)
[0167] compilando modulo 7 ... ok (187ms)
[0168] compilando modulo 8 ... ok (188ms)
[0169] compilando modulo 9 ... ok (189ms)
[0170] compilando modulo 10 ... ok (190ms)
[0171] compilando modulo 11 ... ok (191ms)
[0172] compilando modulo 12 ... ok (192ms)
[0173] compilando modulo 13 ... ok (193ms)
[0174] compilando modulo 14 ... ok (194ms)
[0175] compilando modulo 15 ... ok (195ms)
[0176] compilando modulo 16 ... ok (196ms)
[0177] compilando modulo 17 ... ok (197ms)
[0178] compilando modulo 18 ... ok (198ms)
[0179] compilando modulo 19 ... ok (199ms)
[0180] compilando modulo 20 ... ok (200ms)
[0181] compilando modulo 21 ... ok (201ms)
[0182] compilando modulo 22 ... ok (202ms)
[0183] compilando modulo 23 ... ok (203ms)
[0184] compilando modulo 24 ... ok (204ms)
[0185] compilando modulo 25 ... ok (205ms)
[0186] compilando modulo 26 ... ok (206ms)
[0187] compilando modulo 27 ... ok (207ms)
[0188] compilando modulo 28 ... ok (208ms)
[0189] compilando modulo 29 ... ok (209ms)
[0190] compilando modulo 30 ... ok (210ms)
[0191] compilando modulo 31 ... ok (211ms)
[0192] compilando modulo 32 ... ok (212ms)
[0193] compilando modulo 33 ... ok (213ms)
[0194] compilando modulo 34 ... ok (214ms)
[0195] compilando modulo 35 ... ok (215ms)
[0196] compilando modulo 36 ... ok (216ms)
[0197] compilando modulo 37 ... ok (217ms)
[0198] compilando modulo 38 ... ok (218ms)
[0199] compilando modulo 39 ... ok (219ms)
[0200] compilando modulo 0 ... ok (220ms)
[0201] compilando modulo 1 ... ok (221ms)
[0202] compilando modulo 2 ... ok (222ms)
[0203] compilando modulo 3 ... ok (223ms)
[0204] compilando modulo 4 ... ok (224ms)
[0205] compilando modulo 5 ... ok (225ms)
[0206] compilando modulo 6 ... ok (226ms)
[0207] compilando modulo 7 ... ok (227ms)
[0208] compilando modulo 8 ... ok (228ms)
[0209] compilando modulo 9 ... ok (229ms)
[0210] compilando modulo 10 ... ok (230ms)
[0211] compilando modulo 11 ... ok (231ms)
[0212] compilando modulo 12 ... ok (232ms)
[0213] compilando modulo 13 ... ok (233ms)
[0214] compilando modulo 14 ... ok (234ms)
[0215] compilando modulo 15 ... ok (235ms)
[0216] compilando modulo 16 ... ok (236ms)
[0217] compilando modulo 17 ... ok (237ms)
[0218] compilando modulo 18 ... ok (238ms)
[0219] compilando modulo 19 ... ok (239ms)
[0220] compilando modulo 20 ... ok (240ms)
[0221] compilando modulo 21 ... ok (241ms)
[0222] compilando modulo 22 ... ok (242ms)
[0223] compilando modulo 23 ... ok (243ms)
[0224] compilando modulo 24 ... ok (244ms)
[0225] compilando modulo 25 ... ok (245ms)
[0226] compilando modulo 26 ... ok (246ms)
[0227] compilando modulo 27 ... ok (247ms)
[0228] compilando modulo 28 ... ok (248ms)
[0229] compilando modulo 29 ... ok (249ms)
[0230] compilando modulo 30 ... ok (250ms)
[0231] compilando modulo 31 ... ok (251ms)
[0232] compilando modulo 32 ... ok (252ms)
[0233] compilando modulo 33 ... ok (253ms)
[0234] compilando modulo 34 ... ok (254ms)
[0235] compilando modulo 35 ... ok (255ms)
[0236] compilando modulo 36 ... ok (256ms)
[0237] compilando modulo 37 ... ok (257ms)
[0238] compilando modulo 38 ... ok (258ms)
[0239] compilando modulo 39 ... ok (259ms)
[0240] compilando modulo 0 ... ok (260ms)
[0241] compilando modulo 1 ... ok (261ms)
[0242] compilando modulo 2 ... ok (262ms)
[0243] compilando modulo 3 ... ok (263ms)
[0244] compilando modulo 4 ... ok (264ms)
[0245] compilando modulo 5 ... ok (265ms)
[0246] compilando modulo 6 ... ok (266ms)
[0247] compilando modulo 7 ... ok (267ms)
[0248] compilando modulo 8 ... ok (268ms)
[0249] compilando modulo 9 ... ok (269ms)
[0250] compilando modulo 10 ... ok (270ms)
[0251] compilando modulo 11 ... ok (271ms)
[0252] compilando modulo 12 ... ok (272ms)
[0253] compilando modulo 13 ... ok (273ms)
[0254] compilando modulo 14 ... ok (274ms)
[0255] compilando modulo 15 ... ok (275ms)
[0256] compilando modulo 16 ... ok (276ms)
[0257] compilando modulo 17 ... ok (277ms)
[0258] compilando modulo 18 ... ok (278ms)
[0259] compilando modulo 19 ... ok (279ms)
[0260] compilando modulo 20 ... ok (280ms)
[0261] compilando modulo 21 ... ok (281ms)
[0262] compilando modulo 22 ... ok (282ms)
[0263] compilando modulo 23 ... ok (283ms)
[0264] compilando modulo 24 ... ok (284ms)
[0265] compilando modulo 25 ... ok (285ms)
[0266] compilando modulo 26 ... ok (286ms)
[0267] compilando modulo 27 ... ok (287ms)
[0268] compilando modulo 28 ... ok (288ms)
[0269] compilando modulo 29 ... ok (289ms)
[0270] compilando modulo 30 ... ok (290ms)
[0271] compilando modulo 31 ... ok (291ms)
[0272] compilando modulo 32 ... ok (292ms)
[0273] compilando modulo 33 ... ok (293ms)
[0274] compilando modulo 34 ... ok (294ms)
[0275] compilando modulo 35 ... ok (295ms)
[0276] compilando modulo 36 ... ok (296ms)
[0277] compilando modulo 37 ... ok (297ms)
[0278] compilando modulo 38 ... ok (298ms)
[0279] compilando modulo 39 ... ok (299ms)
[0280] compilando modulo 0 ... ok (300ms)
[0281] compilando modulo 1 ... ok (301ms)
[0282] compilando modulo 2 ... ok (302ms)
[0283] compilando modulo 3 ... ok (303ms)
[0284] compilando modulo 4 ... ok (304ms)
[0285] compilando modulo 5 ... ok (305ms)
[0286] compilando modulo 6 ... ok (306ms)
[0287] compilando modulo 7 ... ok (307ms)
[0288] compilando modulo 8 ... ok (308ms)
[0289] compilando modulo 9 ... ok (309ms)
[0290] compilando modulo 10 ... ok (310ms)
[0291] compilando modulo 11 ... ok (311ms)
[0292] compilando modulo 12 ... ok (312ms)
[0293] compilando modulo 13 ... ok (313ms)
[0294] compilando modulo 14 ... ok (314ms)
[0295] compilando modulo 15 ... ok (315ms)
[0296] compilando modulo 16 ... ok (316ms)
[0297] compilando modulo 17 ... ok (317ms)
[0298] compilando modulo 18 ... ok (318ms)
[0299] compilando modulo 19 ... ok (319ms)
[0300] compilando modulo 20 ... ok (20ms)
[0301] compilando modulo 21 ... ok (21ms)
[0302] compilando modulo 22 ... ok (22ms)
[0303] compilando modulo 23 ... ok (23ms)
[0304] compilando modulo 24 ... ok (24ms)
[0305] compilando modulo 25 ... ok (25ms)
[0306] compilando modulo 26 ... ok (26ms)
[0307] compilando modulo 27 ... ok (27ms)
[0308] compilando modulo 28 ... ok (28ms)
[0309] compilando modulo 29 ... ok (29ms)
[0310] compilando modulo 30 ... ok (30ms)
[0311] compilando modulo 31 ... ok (31ms)
[0312] compilando modulo 32 ... ok (32ms)
[0313] compilando modulo 33 ... ok (33ms)
[0314] compilando modulo 34 ... ok (34ms)
[0315] compilando modulo 35 ... ok (35ms)
[0316] compilando modulo 36 ... ok (36ms)
[0317] compilando modulo 37 ... ok (37ms)
[0318] compilando modulo 38 ... ok (38ms)
[0319] compilando modulo 39 ... ok (39ms)
